<?xml version="1.0" encoding="UTF-8"?>
<testsuites name="jest tests" tests="1" failures="0" errors="0" time="0.301">
  <testsuite name="src/App.test.js" errors="0" failures="0" skipped="0" timestamp="2024-09-26T02:24:11" time="0.289" tests="1">
    <testcase classname="-renders learn Jenkins link" name="-renders learn Jenkins link" time="0.016">
    </testcase>
  </testsuite>
</testsuites>